// Jest Snapshot v1, https://goo.gl/fbAQLP

exports[`should render 1`] = `
<form
  className="filters"
  onSubmit={[Function]}
>
  <div>
    <div />
    <div
      className="action-search"
    >
      <button
        className="bp3-button"
        disabled={false}
        onClick={[Function]}
        onKeyDown={[Function]}
        onKeyUp={[Function]}
        type="button"
      />
      <button
        className="bp3-button"
        disabled={false}
        onKeyDown={[Function]}
        onKeyUp={[Function]}
        type="submit"
      />
    </div>
  </div>
</form>
`;
