// Jest Snapshot v1, https://goo.gl/fbAQLP

exports[`should render 1`] = `
<div
  className="bp3-navbar navBar bp3-dark main__header"
>
  <div
    className="bp3-navbar-heading navBar__header"
  >
    <span
      className="bp3-popover-wrapper"
    >
      <span
        className="bp3-popover-target"
        onBlur={[Function]}
        onFocus={[Function]}
        onMouseEnter={[Function]}
        onMouseLeave={[Function]}
      >
        <a
          href="/"
        >
          <button
            className="bp3-button bp3-minimal header-button"
            id={null}
            onKeyDown={[Function]}
            onKeyUp={[Function]}
            type="button"
          >
            <span>
              menu.logoName
            </span>
          </button>
        </a>
      </span>
    </span>
  </div>
  <div
    className="bp3-navbar-group bp3-align-left navBar__group"
  >
    <ul>
      <li>
        <span
          className="bp3-popover-wrapper"
        >
          <span
            className="bp3-popover-target"
            onBlur={[Function]}
            onFocus={[Function]}
            onMouseEnter={[Function]}
            onMouseLeave={[Function]}
          >
            <a
              href="/"
            >
              <button
                className="bp3-button bp3-minimal header-button"
                id="search"
                onKeyDown={[Function]}
                onKeyUp={[Function]}
                type="button"
              >
                <span
                  className="bp3-icon bp3-icon-search"
                  icon="search"
                >
                  <svg
                    data-icon="search"
                    height={16}
                    viewBox="0 0 16 16"
                    width={16}
                  >
                    <desc>
                      search
                    </desc>
                    <path
                      d="M15.55 13.43l-2.67-2.68a6.94 6.94 0 001.11-3.76c0-3.87-3.13-7-7-7s-7 3.13-7 7 3.13 7 7 7c1.39 0 2.68-.42 3.76-1.11l2.68 2.67a1.498 1.498 0 102.12-2.12zm-8.56-1.44c-2.76 0-5-2.24-5-5s2.24-5 5-5 5 2.24 5 5-2.24 5-5 5z"
                      fillRule="evenodd"
                    />
                  </svg>
                </span>
              </button>
            </a>
          </span>
        </span>
      </li>
    </ul>
  </div>
</div>
`;
